181 INFO: PyInstaller: 6.21.0, contrib hooks: 2026.6
183 INFO: Python: 3.14.5
215 INFO: Platform: Windows-11-10.0.26200-SP0
215 INFO: Python environment: C:\Users\huxiaocheng1\Desktop\work\d7\factory\.venv314
218 INFO: Removing temporary files and cleaning cache in C:\Users\huxiaocheng1\AppData\Local\pyinstaller
842 INFO: Module search paths (PYTHONPATH):
['C:\\Users\\huxiaocheng1\\Desktop\\work\\d7\\factory',
 'C:\\Users\\huxiaocheng1\\AppData\\Local\\Programs\\Python\\Python314\\python314.zip',
 'C:\\Users\\huxiaocheng1\\AppData\\Local\\Programs\\Python\\Python314\\DLLs',
 'C:\\Users\\huxiaocheng1\\AppData\\Local\\Programs\\Python\\Python314\\Lib',
 'C:\\Users\\huxiaocheng1\\AppData\\Local\\Programs\\Python\\Python314',
 'C:\\Users\\huxiaocheng1\\Desktop\\work\\d7\\factory\\.venv314',
 'C:\\Users\\huxiaocheng1\\Desktop\\work\\d7\\factory\\.venv314\\Lib\\site-packages',
 'C:\\Users\\huxiaocheng1\\Desktop\\work\\d7\\factory\\src',
 'C:\\Users\\huxiaocheng1\\Desktop\\work\\d7\\factory\\src']
1350 INFO: Appending 'datas' from .spec
1352 INFO: checking Analysis
1352 INFO: Building Analysis because Analysis-00.toc is non existent
1352 INFO: Looking for Python shared library...
1353 INFO: Using Python shared library: C:\Users\huxiaocheng1\AppData\Local\Programs\Python\Python314\python314.dll
1353 INFO: Running Analysis Analysis-00.toc
1353 INFO: Target bytecode optimization level: 0
1353 INFO: Initializing module dependency graph...
1355 INFO: Initializing module graph hook caches...
1379 INFO: Analyzing modules for base_library.zip ...
2885 INFO: Processing standard module hook 'hook-encodings.py' from 'C:\\Users\\huxiaocheng1\\Desktop\\work\\d7\\factory\\.venv314\\Lib\\site-packages\\PyInstaller\\hooks'
3355 INFO: Processing standard module hook 'hook-pickle.py' from 'C:\\Users\\huxiaocheng1\\Desktop\\work\\d7\\factory\\.venv314\\Lib\\site-packages\\PyInstaller\\hooks'
3511 INFO: Processing standard module hook 'hook-math.py' from 'C:\\Users\\huxiaocheng1\\Desktop\\work\\d7\\factory\\.venv314\\Lib\\site-packages\\PyInstaller\\hooks'
3598 INFO: Processing standard module hook 'hook-difflib.py' from 'C:\\Users\\huxiaocheng1\\Desktop\\work\\d7\\factory\\.venv314\\Lib\\site-packages\\PyInstaller\\hooks'
3612 INFO: Processing standard module hook 'hook-heapq.py' from 'C:\\Users\\huxiaocheng1\\Desktop\\work\\d7\\factory\\.venv314\\Lib\\site-packages\\PyInstaller\\hooks'
5302 INFO: Caching module dependency graph...
5322 INFO: Analyzing C:\Users\huxiaocheng1\Desktop\work\d7\factory\src\d7_factory_studio\__main__.py
5331 INFO: Processing standard module hook 'hook-PySide6.py' from 'C:\\Users\\huxiaocheng1\\Desktop\\work\\d7\\factory\\.venv314\\Lib\\site-packages\\PyInstaller\\hooks'
5536 INFO: Processing standard module hook 'hook-shiboken6.py' from 'C:\\Users\\huxiaocheng1\\Desktop\\work\\d7\\factory\\.venv314\\Lib\\site-packages\\PyInstaller\\hooks'
5730 INFO: Processing standard module hook 'hook-PySide6.QtNetwork.py' from 'C:\\Users\\huxiaocheng1\\Desktop\\work\\d7\\factory\\.venv314\\Lib\\site-packages\\PyInstaller\\hooks'
7538 INFO: Processing standard module hook 'hook-PySide6.QtCore.py' from 'C:\\Users\\huxiaocheng1\\Desktop\\work\\d7\\factory\\.venv314\\Lib\\site-packages\\PyInstaller\\hooks'
10046 INFO: Processing standard module hook 'hook-PySide6.QtGui.py' from 'C:\\Users\\huxiaocheng1\\Desktop\\work\\d7\\factory\\.venv314\\Lib\\site-packages\\PyInstaller\\hooks'
19500 INFO: Processing standard module hook 'hook-PySide6.QtWidgets.py' from 'C:\\Users\\huxiaocheng1\\Desktop\\work\\d7\\factory\\.venv314\\Lib\\site-packages\\PyInstaller\\hooks'
21727 INFO: Processing standard module hook 'hook-platform.py' from 'C:\\Users\\huxiaocheng1\\Desktop\\work\\d7\\factory\\.venv314\\Lib\\site-packages\\PyInstaller\\hooks'
21757 INFO: Processing standard module hook 'hook-sysconfig.py' from 'C:\\Users\\huxiaocheng1\\Desktop\\work\\d7\\factory\\.venv314\\Lib\\site-packages\\PyInstaller\\hooks'
21761 INFO: Processing standard module hook 'hook-_ctypes.py' from 'C:\\Users\\huxiaocheng1\\Desktop\\work\\d7\\factory\\.venv314\\Lib\\site-packages\\PyInstaller\\hooks'
21890 INFO: Processing standard module hook 'hook-cryptography.py' from 'C:\\Users\\huxiaocheng1\\Desktop\\work\\d7\\factory\\.venv314\\Lib\\site-packages\\_pyinstaller_hooks_contrib\\stdhooks'
23081 INFO: hook-cryptography: cryptography does not seem to be using dynamically linked OpenSSL.
23669 INFO: Processing standard module hook 'hook-multiprocessing.util.py' from 'C:\\Users\\huxiaocheng1\\Desktop\\work\\d7\\factory\\.venv314\\Lib\\site-packages\\PyInstaller\\hooks'
23736 INFO: Processing standard module hook 'hook-xml.py' from 'C:\\Users\\huxiaocheng1\\Desktop\\work\\d7\\factory\\.venv314\\Lib\\site-packages\\PyInstaller\\hooks'
24322 INFO: Processing standard module hook 'hook-bcrypt.py' from 'C:\\Users\\huxiaocheng1\\Desktop\\work\\d7\\factory\\.venv314\\Lib\\site-packages\\_pyinstaller_hooks_contrib\\stdhooks'
24459 INFO: Processing standard module hook 'hook-nacl.py' from 'C:\\Users\\huxiaocheng1\\Desktop\\work\\d7\\factory\\.venv314\\Lib\\site-packages\\_pyinstaller_hooks_contrib\\stdhooks'
24996 INFO: Processing standard module hook 'hook-keyring.py' from 'C:\\Users\\huxiaocheng1\\Desktop\\work\\d7\\factory\\.venv314\\Lib\\site-packages\\PyInstaller\\hooks'
25617 INFO: Processing pre-safe-import-module hook 'hook-jaraco.py' from 'C:\\Users\\huxiaocheng1\\Desktop\\work\\d7\\factory\\.venv314\\Lib\\site-packages\\PyInstaller\\hooks\\pre_safe_import_module'
25620 INFO: SetuptoolsInfo: initializing cached setuptools info...
26290 INFO: Setuptools: 'jaraco' appears to be a partial setuptools-vendored copy - extending search paths to ['C:\\Users\\huxiaocheng1\\Desktop\\work\\d7\\factory\\.venv314\\Lib\\site-packages\\jaraco', 'C:\\Users\\huxiaocheng1\\Desktop\\work\\d7\\factory\\.venv314\\Lib\\site-packages\\setuptools\\_vendor\\jaraco']!
26292 INFO: Processing pre-safe-import-module hook 'hook-jaraco.context.py' from 'C:\\Users\\huxiaocheng1\\Desktop\\work\\d7\\factory\\.venv314\\Lib\\site-packages\\PyInstaller\\hooks\\pre_safe_import_module'
26301 INFO: Processing pre-safe-import-module hook 'hook-backports.py' from 'C:\\Users\\huxiaocheng1\\Desktop\\work\\d7\\factory\\.venv314\\Lib\\site-packages\\PyInstaller\\hooks\\pre_safe_import_module'
26302 INFO: Setuptools: 'backports' appears to be a full setuptools-vendored copy - creating alias to 'setuptools._vendor.backports'!
26306 INFO: Processing standard module hook 'hook-setuptools.py' from 'C:\\Users\\huxiaocheng1\\Desktop\\work\\d7\\factory\\.venv314\\Lib\\site-packages\\PyInstaller\\hooks'
26319 INFO: Processing pre-safe-import-module hook 'hook-distutils.py' from 'C:\\Users\\huxiaocheng1\\Desktop\\work\\d7\\factory\\.venv314\\Lib\\site-packages\\PyInstaller\\hooks\\pre_safe_import_module'
26342 INFO: Processing pre-safe-import-module hook 'hook-jaraco.functools.py' from 'C:\\Users\\huxiaocheng1\\Desktop\\work\\d7\\factory\\.venv314\\Lib\\site-packages\\PyInstaller\\hooks\\pre_safe_import_module'
26351 INFO: Processing pre-safe-import-module hook 'hook-more_itertools.py' from 'C:\\Users\\huxiaocheng1\\Desktop\\work\\d7\\factory\\.venv314\\Lib\\site-packages\\PyInstaller\\hooks\\pre_safe_import_module'
26453 INFO: Processing pre-safe-import-module hook 'hook-typing_extensions.py' from 'C:\\Users\\huxiaocheng1\\Desktop\\work\\d7\\factory\\.venv314\\Lib\\site-packages\\PyInstaller\\hooks\\pre_safe_import_module'
26629 INFO: Processing pre-safe-import-module hook 'hook-packaging.py' from 'C:\\Users\\huxiaocheng1\\Desktop\\work\\d7\\factory\\.venv314\\Lib\\site-packages\\PyInstaller\\hooks\\pre_safe_import_module'
26831 INFO: Processing pre-safe-import-module hook 'hook-jaraco.text.py' from 'C:\\Users\\huxiaocheng1\\Desktop\\work\\d7\\factory\\.venv314\\Lib\\site-packages\\PyInstaller\\hooks\\pre_safe_import_module'
26833 INFO: Setuptools: 'jaraco.text' appears to be a setuptools-vendored copy - creating alias to 'setuptools._vendor.jaraco.text'!
26842 INFO: Processing standard module hook 'hook-setuptools._vendor.jaraco.text.py' from 'C:\\Users\\huxiaocheng1\\Desktop\\work\\d7\\factory\\.venv314\\Lib\\site-packages\\PyInstaller\\hooks'
26844 INFO: Processing pre-safe-import-module hook 'hook-importlib_resources.py' from 'C:\\Users\\huxiaocheng1\\Desktop\\work\\d7\\factory\\.venv314\\Lib\\site-packages\\PyInstaller\\hooks\\pre_safe_import_module'
27065 INFO: Processing pre-safe-import-module hook 'hook-tomli.py' from 'C:\\Users\\huxiaocheng1\\Desktop\\work\\d7\\factory\\.venv314\\Lib\\site-packages\\PyInstaller\\hooks\\pre_safe_import_module'
27067 INFO: Setuptools: 'tomli' appears to be a setuptools-vendored copy - creating alias to 'setuptools._vendor.tomli'!
27463 INFO: Processing pre-safe-import-module hook 'hook-wheel.py' from 'C:\\Users\\huxiaocheng1\\Desktop\\work\\d7\\factory\\.venv314\\Lib\\site-packages\\PyInstaller\\hooks\\pre_safe_import_module'
27465 INFO: Setuptools: 'wheel' appears to be a setuptools-vendored copy - creating alias to 'setuptools._vendor.wheel'!
27566 INFO: Processing pre-safe-import-module hook 'hook-importlib_metadata.py' from 'C:\\Users\\huxiaocheng1\\Desktop\\work\\d7\\factory\\.venv314\\Lib\\site-packages\\PyInstaller\\hooks\\pre_safe_import_module'
27568 INFO: Setuptools: 'importlib_metadata' appears to be a setuptools-vendored copy - creating alias to 'setuptools._vendor.importlib_metadata'!
27587 INFO: Processing standard module hook 'hook-setuptools._vendor.importlib_metadata.py' from 'C:\\Users\\huxiaocheng1\\Desktop\\work\\d7\\factory\\.venv314\\Lib\\site-packages\\PyInstaller\\hooks'
27614 INFO: Processing pre-safe-import-module hook 'hook-zipp.py' from 'C:\\Users\\huxiaocheng1\\Desktop\\work\\d7\\factory\\.venv314\\Lib\\site-packages\\PyInstaller\\hooks\\pre_safe_import_module'
27615 INFO: Setuptools: 'zipp' appears to be a setuptools-vendored copy - creating alias to 'setuptools._vendor.zipp'!
27799 INFO: Processing standard module hook 'hook-PySide6.QtSvg.py' from 'C:\\Users\\huxiaocheng1\\Desktop\\work\\d7\\factory\\.venv314\\Lib\\site-packages\\PyInstaller\\hooks'
28438 INFO: Analyzing hidden import 'keyring.backends.SecretService'
28444 INFO: Analyzing hidden import 'keyring.backends.Windows'
28457 INFO: Processing standard module hook 'hook-win32ctypes.core.py' from 'C:\\Users\\huxiaocheng1\\Desktop\\work\\d7\\factory\\.venv314\\Lib\\site-packages\\PyInstaller\\hooks'
29456 INFO: Processing standard module hook 'hook-pycparser.py' from 'C:\\Users\\huxiaocheng1\\Desktop\\work\\d7\\factory\\.venv314\\Lib\\site-packages\\_pyinstaller_hooks_contrib\\stdhooks'
29768 INFO: Processing standard module hook 'hook-webbrowser.py' from 'C:\\Users\\huxiaocheng1\\Desktop\\work\\d7\\factory\\.venv314\\Lib\\site-packages\\PyInstaller\\hooks'
30096 INFO: Analyzing hidden import 'keyring.backends.chainer'
30100 INFO: Analyzing hidden import 'keyring.backends.kwallet'
30105 INFO: Analyzing hidden import 'keyring.backends.libsecret'
30109 INFO: Processing pre-safe-import-module hook 'hook-gi.py' from 'C:\\Users\\huxiaocheng1\\Desktop\\work\\d7\\factory\\.venv314\\Lib\\site-packages\\PyInstaller\\hooks\\pre_safe_import_module'
30111 INFO: Analyzing hidden import 'keyring.backends.macOS'
30119 INFO: Analyzing hidden import 'keyring.backends.null'
30120 INFO: Processing module hooks (post-graph stage)...
30121 WARNING: Hidden import "pycparser.lextab" not found!
30121 WARNING: Hidden import "pycparser.yacctab" not found!
30227 INFO: Performing binary vs. data reclassification (156 entries)
30277 INFO: Looking for ctypes DLLs
30298 WARNING: Ignoring /System/Library/Frameworks/IOKit.framework/IOKit imported from C:\Users\huxiaocheng1\Desktop\work\d7\factory\.venv314\Lib\site-packages\serial\tools\list_ports_osx.py - only basenames are supported with ctypes imports!
30299 WARNING: Ignoring /System/Library/Frameworks/CoreFoundation.framework/CoreFoundation imported from C:\Users\huxiaocheng1\Desktop\work\d7\factory\.venv314\Lib\site-packages\serial\tools\list_ports_osx.py - only basenames are supported with ctypes imports!
30315 INFO: Analyzing run-time hooks ...
30318 INFO: Including run-time hook 'pyi_rth_inspect.py' from 'C:\\Users\\huxiaocheng1\\Desktop\\work\\d7\\factory\\.venv314\\Lib\\site-packages\\PyInstaller\\hooks\\rthooks'
30320 INFO: Including run-time hook 'pyi_rth_pkgutil.py' from 'C:\\Users\\huxiaocheng1\\Desktop\\work\\d7\\factory\\.venv314\\Lib\\site-packages\\PyInstaller\\hooks\\rthooks'
30322 INFO: Including run-time hook 'pyi_rth_multiprocessing.py' from 'C:\\Users\\huxiaocheng1\\Desktop\\work\\d7\\factory\\.venv314\\Lib\\site-packages\\PyInstaller\\hooks\\rthooks'
30324 INFO: Including run-time hook 'pyi_rth_setuptools.py' from 'C:\\Users\\huxiaocheng1\\Desktop\\work\\d7\\factory\\.venv314\\Lib\\site-packages\\PyInstaller\\hooks\\rthooks'
30326 INFO: Including run-time hook 'pyi_rth_pyside6.py' from 'C:\\Users\\huxiaocheng1\\Desktop\\work\\d7\\factory\\.venv314\\Lib\\site-packages\\PyInstaller\\hooks\\rthooks'
30328 INFO: Processing pre-find-module-path hook 'hook-_pyi_rth_utils.py' from 'C:\\Users\\huxiaocheng1\\Desktop\\work\\d7\\factory\\.venv314\\Lib\\site-packages\\PyInstaller\\hooks\\pre_find_module_path'
30330 INFO: Processing standard module hook 'hook-_pyi_rth_utils.py' from 'C:\\Users\\huxiaocheng1\\Desktop\\work\\d7\\factory\\.venv314\\Lib\\site-packages\\PyInstaller\\hooks'
30333 INFO: Including run-time hook 'pyi_rth_cryptography_openssl.py' from 'C:\\Users\\huxiaocheng1\\Desktop\\work\\d7\\factory\\.venv314\\Lib\\site-packages\\_pyinstaller_hooks_contrib\\rthooks'
30343 INFO: Creating base_library.zip...
30358 INFO: Looking for dynamic libraries
31381 INFO: Extra DLL search directories (AddDllDirectory): ['C:\\Users\\huxiaocheng1\\Desktop\\work\\d7\\factory\\.venv314\\Lib\\site-packages\\shiboken6']
31381 INFO: Extra DLL search directories (PATH): ['C:\\Users\\huxiaocheng1\\Desktop\\work\\d7\\factory\\.venv314\\Lib\\site-packages\\PySide6']
32530 INFO: Warnings written to C:\Users\huxiaocheng1\Desktop\work\d7\factory\build\d7_factory_studio\warn-d7_factory_studio.txt
32567 INFO: Graph cross-reference written to C:\Users\huxiaocheng1\Desktop\work\d7\factory\build\d7_factory_studio\xref-d7_factory_studio.html
32593 INFO: checking PYZ
32593 INFO: Building PYZ because PYZ-00.toc is non existent
32593 INFO: Building PYZ (ZlibArchive) C:\Users\huxiaocheng1\Desktop\work\d7\factory\build\d7_factory_studio\PYZ-00.pyz
32893 INFO: Building PYZ (ZlibArchive) C:\Users\huxiaocheng1\Desktop\work\d7\factory\build\d7_factory_studio\PYZ-00.pyz completed successfully.
32907 INFO: checking PKG
32907 INFO: Building PKG because PKG-00.toc is non existent
32908 INFO: Building PKG (CArchive) D7-Factory-Studio.pkg
37527 INFO: Building PKG (CArchive) D7-Factory-Studio.pkg completed successfully.
37532 INFO: Bootloader C:\Users\huxiaocheng1\Desktop\work\d7\factory\.venv314\Lib\site-packages\PyInstaller\bootloader\Windows-64bit-intel\runw.exe
37532 INFO: checking EXE
37532 INFO: Building EXE because EXE-00.toc is non existent
37533 INFO: Building EXE from EXE-00.toc
Traceback (most recent call last):
  File "<frozen runpy>", line 203, in _run_module_as_main
  File "<frozen runpy>", line 88, in _run_code
  File "C:\Users\huxiaocheng1\Desktop\work\d7\factory\.venv314\Lib\site-packages\PyInstaller\__main__.py", line 321, in <module>
    run()
    ~~~^^
  File "C:\Users\huxiaocheng1\Desktop\work\d7\factory\.venv314\Lib\site-packages\PyInstaller\__main__.py", line 215, in run
    run_build(pyi_config, spec_file, **vars(args))
    ~~~~~~~~~^^^^^^^^^^^^^^^^^^^^^^^^^^^^^^^^^^^^^
  File "C:\Users\huxiaocheng1\Desktop\work\d7\factory\.venv314\Lib\site-packages\PyInstaller\__main__.py", line 70, in run_build
    PyInstaller.building.build_main.main(pyi_config, spec_file, **kwargs)
    ~~~~~~~~~~~~~~~~~~~~~~~~~~~~~~~~~~~~^^^^^^^^^^^^^^^^^^^^^^^^^^^^^^^^^
  File "C:\Users\huxiaocheng1\Desktop\work\d7\factory\.venv314\Lib\site-packages\PyInstaller\building\build_main.py", line 1275, in main
    build(specfile, distpath, workpath, clean_build)
    ~~~~~^^^^^^^^^^^^^^^^^^^^^^^^^^^^^^^^^^^^^^^^^^^
  File "C:\Users\huxiaocheng1\Desktop\work\d7\factory\.venv314\Lib\site-packages\PyInstaller\building\build_main.py", line 1213, in build
    exec(code, spec_namespace)
    ~~~~^^^^^^^^^^^^^^^^^^^^^^
  File "packaging\d7_factory_studio.spec", line 37, in <module>
    exe = EXE(
        pyz,
    ...<13 lines>...
        icon=str(package_root / "resources" / "app-icon.ico"),
    )
  File "C:\Users\huxiaocheng1\Desktop\work\d7\factory\.venv314\Lib\site-packages\PyInstaller\building\api.py", line 675, in __init__
    self.__postinit__()
    ~~~~~~~~~~~~~~~~~^^
  File "C:\Users\huxiaocheng1\Desktop\work\d7\factory\.venv314\Lib\site-packages\PyInstaller\building\datastruct.py", line 184, in __postinit__
    self.assemble()
    ~~~~~~~~~~~~~^^
  File "C:\Users\huxiaocheng1\Desktop\work\d7\factory\.venv314\Lib\site-packages\PyInstaller\building\api.py", line 769, in assemble
    os.remove(self.name)
    ~~~~~~~~~^^^^^^^^^^^
PermissionError: [WinError 5] ¾Ü¾ø·ÃÎÊ¡£: 'C:\\Users\\huxiaocheng1\\Desktop\\work\\d7\\factory\\dist\\D7-Factory-Studio.exe'
